// Jest Snapshot v1, https://goo.gl/fbAQLP

exports[`Coinside con el snapp prueba en <App></App> 1`] = `null`;
